*** Start analyzing build configuration ***
INFO: Auto-config - Scanning: /Users/admin/OpenLane/CPU
INFO: Auto-config - VLOG: /Users/admin/OpenLane/CPU
INFO: Auto-config - Wrote:
    .dvt/default.build.auto.1
*** List of included argument files ***
    Build configuration file:  /Users/admin/OpenLane/CPU/.dvt/default.build
    -f /Users/admin/OpenLane/CPU/.dvt/default.build.auto.1
*** List of invocations ***
Invocation #1 +dvt_init+dvt in /Users/admin/OpenLane/CPU/.dvt/default.build.auto.1 at line 9
*** Done analyzing build configuration [61 ms] ***

*** Start SystemVerilog build ***
*** Invocation #1***
*** Implicit invocation - nothing to compile
*** Done parsing invocation #1
*** Invocation #2***
Loading (1) /Users/admin/OpenLane/CPU/src/alu.sv ...
Done /Users/admin/OpenLane/CPU/src/alu.sv [21 ms, 32 lines, SystemVerilog_2012] ...
Loading (2) /Users/admin/OpenLane/CPU/src/control.sv ...
Done /Users/admin/OpenLane/CPU/src/control.sv [6 ms, 108 lines, SystemVerilog_2012] ...
Loading (3) /Users/admin/OpenLane/CPU/src/datapath.sv ...
Done /Users/admin/OpenLane/CPU/src/datapath.sv [11 ms, 111 lines, SystemVerilog_2012] ...
Loading (4) /Users/admin/OpenLane/CPU/src/dmem.sv ...
Done /Users/admin/OpenLane/CPU/src/dmem.sv [2 ms, 34 lines, SystemVerilog_2012] ...
Loading (5) /Users/admin/OpenLane/CPU/src/imem.sv ...
Done /Users/admin/OpenLane/CPU/src/imem.sv [6 ms, 129 lines, SystemVerilog_2012] ...
Loading (6) /Users/admin/OpenLane/CPU/src/pc.sv ...
Done /Users/admin/OpenLane/CPU/src/pc.sv [1 ms, 22 lines, SystemVerilog_2012] ...
Loading (7) /Users/admin/OpenLane/CPU/src/regfile.sv ...
Done /Users/admin/OpenLane/CPU/src/regfile.sv [1 ms, 40 lines, SystemVerilog_2012] ...
Loading (8) /Users/admin/OpenLane/CPU/src/riscv_core.sv ...
Done /Users/admin/OpenLane/CPU/src/riscv_core.sv [4 ms, 88 lines, SystemVerilog_2012] ...
*** Done parsing invocation #2 [53 ms] ***
*** Done parsing [LT 88 ms, PT 53 ms] ***
*** Total number of lines [564] ***
Performing post full build actions ...
Performing post full build step 1 (SRI) [1 ms] ...
Performing post full build step 2 (RI) [2 ms] ...
Performing post full build step 3 (RCP) [1 ms] ...
*** Files summary [8 total, 8 unique, 0 optimized] ***
*** Done SystemVerilog build [201 ms] ***

*** Start mixed mode extension build ***
Performing mixed post full build step (VLOG - RI) [1 ms] ...
*** Warning: UNSPECIFIED_TOP: Please specify a -top module/entity/configuration in the project build file
*** Top design candidates: work.riscv_core
Performing mixed post full build step (MIXED - ELAB) [158 ms] ...
Performing mixed post full build step (MIXED - UNEL) [56 ms] ...
Performing mixed post full build step (VLOG - RD) [1 ms] ...
Performing mixed post full build step (VLOG - US) [55 ms] ...
*** Warning: SIGNAL_NEVER_READ: Signal 'mem_read' is never read (connected to sub-instance output port)
    at line 23 in /Users/admin/OpenLane/CPU/src/riscv_core.sv:23 [compile index 8]
*** Done mixed mode extension build [277 ms] ***
*** Total build time [576 ms] ***
